// Jest Snapshot v1, https://goo.gl/fbAQLP

exports[`Component should render should match snapshot 1`] = `ShallowWrapper {}`;
